loop_rc=1
loop_requests=1
loop_tool_calls=1
loop_msgs=1
loop_roles=1
loop_tool_result=1
loop_final_text=1
loop_rebuilt_request=1
agent_start
turn_start
msg_start
args:{"path":"f.txt"}
msg_end:2:3
tool_start:read:{"path":"f.txt"}
tool_end:read:stub({"path":"f.txt"}):ok
turn_end
turn_start
msg_start
text:all done
msg_end:2:1
turn_end
agent_end
nul_rc=1
nul_transcript_preserved=1
nul_wire_escaped=1
retry_rc=1
retry_attempts=1
retry_msgs=1
retry_final_text=1
retry_drop_rc=1
retry_drop_attempts=1
retry_reset_rc=1
retry_reset_requests=1
retry_reset_event=1
retry_reset_final_text=1
agent_start
turn_start
msg_start
text:partial
msg_reset
text:all done
msg_end:2:1
turn_end
agent_end
http_error_rc=1
http_error_msg=1
http_error_no_retry=1
abort_rc=1
abort_msg=1
abort_msg_state=1
two_tools_rc=1
two_tools_calls=1
two_tools_order=1
agent_start
turn_start
msg_start
args:{"path":"a.txt"}
args:{"path":"b.txt"}
msg_end:2:3
tool_start:read:{"path":"a.txt"}
tool_end:read:stub({"path":"a.txt"}):ok
tool_start:read:{"path":"b.txt"}
tool_end:read:stub({"path":"b.txt"}):ok
turn_end
turn_start
msg_start
text:all done
msg_end:2:1
turn_end
agent_end
abort2_rc=1
abort2_calls=1
abort2_backfill=1
abort2_no_start=1
agent_start
turn_start
msg_start
args:{"path":"a.txt"}
args:{"path":"b.txt"}
msg_end:2:3
tool_start:read:{"path":"a.txt"}
tool_end:read:kill({"path":"a.txt"}):ok
turn_end
error:aborted
agent_end
veto_rc=1
veto_no_exec=1
veto_text=1
agent_start
turn_start
msg_start
args:{"path":"a.txt"}
args:{"path":"b.txt"}
msg_end:2:3
tool_start:read:{"path":"a.txt"}
tool_end:read:error: tool blocked: denied for testing:err
tool_start:read:{"path":"b.txt"}
tool_end:read:error: tool blocked: denied for testing:err
turn_end
turn_start
msg_start
text:all done
msg_end:2:1
turn_end
agent_end
veto2_rc=1
veto2_exec=1
veto2_args_replaced=1
agent_start
turn_start
msg_start
args:{"path":"a.txt"}
args:{"path":"b.txt"}
msg_end:2:3
tool_start:read:{"path":"rewritten.txt"}
tool_end:read:stub({"path":"rewritten.txt"}):ok
tool_start:read:{"path":"rewritten.txt"}
tool_end:read:stub({"path":"rewritten.txt"}):ok
turn_end
turn_start
msg_start
text:all done
msg_end:2:1
turn_end
agent_end
term_rc=1
term_one_request=1
term_no_exec=1
term_blocked_results=1
term_agent_end_tool_use=1
term_settled_once=1
agent_start
turn_start
msg_start
args:{"path":"a.txt"}
args:{"path":"b.txt"}
msg_end:2:3
tool_start:read:{"path":"a.txt"}
tool_end:read:error: tool blocked: terminate for testing:err
tool_start:read:{"path":"b.txt"}
tool_end:read:error: tool blocked: terminate for testing:err
turn_end
agent_end
term_mixed_rc=1
term_mixed_two_requests=1
term_mixed_one_exec=1
term_mixed_transcript=1
agent_start
turn_start
msg_start
args:{"path":"a.txt"}
args:{"path":"b.txt"}
msg_end:2:3
tool_start:read:{"path":"a.txt"}
tool_end:read:error: tool blocked: terminate for testing:err
tool_start:read:{"path":"b.txt"}
tool_end:read:stub({"path":"b.txt"}):ok
turn_end
turn_start
msg_start
text:all done
msg_end:2:1
turn_end
agent_end
term_cont_rc=1
term_cont_two_requests=1
term_cont_hook_calls=1
term_cont_final=1
agent_start
turn_start
msg_start
args:{"path":"a.txt"}
args:{"path":"b.txt"}
msg_end:2:3
tool_start:read:{"path":"a.txt"}
tool_end:read:error: tool blocked: terminate for testing:err
tool_start:read:{"path":"b.txt"}
tool_end:read:error: tool blocked: terminate for testing:err
turn_end
turn_start
msg_start
text:all done
msg_end:2:1
turn_end
agent_end
term_cancel_rc=1
term_cancel_one_request=1
term_cancel_error=1
term_cancel_event=1
agent_start
turn_start
msg_start
args:{"path":"a.txt"}
args:{"path":"b.txt"}
msg_end:2:3
turn_end
error:aborted
agent_end
payload_rc=1
payload_count=1
payload_json=1
payload_json={"tool_call_id":"toolu_1","tool_name":"read","content":[{"type":"text","text":"stub({\"path\":\"f.txt\"})"}],"is_error":false}
trunc_rc=1
trunc_no_exec=1
trunc_call_kept=1
trunc_closed=1
trunc_no_start=1
trunc_resume_rc=1
trunc_requests=1
agent_start
turn_start
msg_start
args:{"path":"f.txt"
msg_end:2:2
turn_end
agent_end
agent_start
turn_start
msg_start
text:all done
msg_end:2:1
turn_end
agent_end
error_closed_rc=1
error_closed_no_exec=1
error_closed_no_orphan=1
error_closed_observer_no_tool=1
error_closed_msg=1
error_closed_next_ok=1
error_closed_next_no_tooluse=1
agent_start
turn_start
msg_start
args:{"path":"f.txt"}
msg_end:2:4
turn_end
error:stream ended prematurely
agent_end
agent_start
turn_start
msg_start
text:all done
msg_end:2:1
turn_end
agent_end
abort_reset_rc=1
abort_reset_no_exec=1
abort_reset_no_orphan=1
abort_reset_no_start=1
abort_reset_rc2=1
abort_reset_requests=1
agent_start
turn_start
msg_start
args:{"path":"f.txt"}
text:partial
msg_end:2:5
turn_end
error:aborted
agent_end
agent_start
turn_start
msg_start
text:all done
msg_end:2:1
turn_end
agent_end
tool_copy_rc=1
tool_copy_exec=1
tool_copy_prompt=1
hidden_prompt_rc=1
hidden_prompt_visible=1
hidden_prompt_secret_absent=1
recompose_add=1
recompose_dirty=1
recompose_rc=1
recompose_tool_calls=1
recompose_called=1
recompose_clean=1
recompose_next_request=1
recompose_remove=1
refresh_add=1
refresh_submit=1
refresh_called=1
refresh_request_count=1
refresh_first_prompt=1
refresh_second_prompt=1
refresh_remove=1
refresh_explicit_add=1
refresh_explicit_submit=1
refresh_explicit_requests=1
refresh_explicit_prompt=1
refresh_explicit_remove=1
refresh_override_add=1
refresh_override_submit=1
refresh_override_requests=1
refresh_override_second=1
refresh_override_transcript=1
refresh_override_context=1
refresh_override_remove=1
input_tf_rc=1
input_tf_payload=1
input_tf_transcript=1
input_tf_request=1
input_tf_events=1
input_tf_settled=1
input_handled_rc=1
input_handled_no_request=1
input_handled_no_events=1
input_handled_no_msgs=1
input_handled_no_settle=1
input_handled_payload=1
error: ext: ? failed at input
warn: ext: input blocked, no run
input_blocked_rc=1
input_blocked_no_request=1
input_blocked_error=1
input_blocked_error_event=1
info: ext: before_agent_start: hello from ext
bas_rc=1
bas_payload=1
bas_transcript=1
bas_request=1
bas_context=1
msg_end_rc=1
msg_end_blocks=1
msg_end_stop=1
msg_end_hook_before_typed=1
msg_end_hook_before_observer=1
msg_end_observer_text=1
msg_end_payload=1
warn: ext: message_end role 'user' does not match assistant, ignored
msg_end_badrole_rc=1
msg_end_badrole_kept=1
warn: ext: message_end content is not a valid block array, ignored
msg_end_badcontent_rc=1
msg_end_badcontent_kept=1
warn: ext: message_end content is not a valid block array, ignored
msg_end_toolcall_noid_kept=1
msg_end_toolcall_noid_stop=1
warn: ext: message_end content is not a valid block array, ignored
msg_end_toolcall_noname_kept=1
msg_end_toolcall_noname_stop=1
warn: ext: message_end content is not a valid block array, ignored
msg_end_toolcall_badargs_kept=1
msg_end_toolcall_badargs_stop=1
msg_end_term_rc=1
msg_end_term_content=1
msg_end_term_stop=1
msg_end_term_error=1
msg_end_term_not_serializable=1
msg_end_term_not_persistable=1
msg_end_term_not_persisted=1
msg_end_abort_rc=1
msg_end_abort_content=1
msg_end_abort_stop=1
msg_end_abort_error=1
msg_end_abort_not_serializable=1
msg_end_abort_not_persistable=1
msg_end_abort_not_persisted=1
msg_end_toolcall_rc=1
msg_end_toolcall_rebuilt=1
msg_end_toolcall_exec=1
msg_end_toolcall_result=1
tool_result_string=1
tool_result_array=1
tool_result_null=1
tool_result_empty=1
tool_result_is_error=1
warn: ext: tool_result content shape ignored
tool_result_shape=1
tool_result_order_rc=1
tool_result_order_before_append=1
tool_result_order_appended=1
turn_end_rc=1
turn_end_extra_request=1
turn_end_once_per_turn=1
turn_end_first_index=1
turn_end_second_index=1
turn_end_entries=1
turn_end_trace=1
turn_end_hard_rc=1
turn_end_hard_entries=1
turn_end_hard_no_continue=1
turn_end_trunc_rc=1
turn_end_trunc_extra_request=1
turn_end_trunc_hook_twice=1
turn_end_trunc_first_stop=1
turn_end_trunc_no_exec=1
turn_end_trunc_closed=1
turn_end_trunc_final=1
settle_cont_rc=1
settle_cont_requests=1
settle_cont_one_agent_start=1
settle_cont_two_agent_end=1
settle_cont_settled_once=1
settle_cont_after_agent_end=1
settle_cont_trace=1
settle_cont_payload=1
warn: continuation limit reached
cap_rc=1
cap_requests=1
cap_settle_calls=1
cap_settled_once=1
settled_success_rc=1
settled_success_once=1
settled_error_rc=1
settled_error_once=1
settled_error_outcome=1
settled_handled_rc=1
settled_handled_none=1
warn: ext: header patch: forbidden header dropped
warn: ext: header patch: forbidden header dropped
warn: ext: header patch: forbidden header dropped
hdrx_rc=1
hdrx_patched_on_wire=1
hdrx_original_kept=1
hdrx_forbidden_absent=1
hdrx_payload=1
hdrx_dispatched_once=1
reqx_rc=1
reqx_body_replaced=1
reqx_body_len=1
reqx_original_seen=1
error: ext: ? failed at before_provider_headers
blk_rc=1
blk_no_request=1
blk_error=1
blk_shape=1
blk_trace=1
error: ext: ? failed at before_provider_request
blk2_rc=1
blk2_no_request=1
blk2_error=1
obs_rc=1
obs_headers=1
obs_sse_model=1
obs2_rc=1
obs2_headers_default=1
model_sel_rc=1
model_sel_calls=1
model_sel_payload=1
model_sel_transcript=1
model_sel_noop_rc=1
model_sel_noop_silent=1
model_sel_empty=1
model_sel_null=1
model_sel_off_rc=1
model_sel_off_silent=1
think_sel_medium=1
think_sel_noop=1
think_sel_high=1
think_sel_low=1
think_sel_low_norm=1
think_sel_clamp=1
think_sel_off_silent=1
model_sel_rebuild_setup=1
model_sel_rebuild_same=1
model_sel_rebuild_same_silent=1
model_sel_rebuild_change=1
model_sel_rebuild_calls=1
model_sel_rebuild_payload=1
model_sel_rebuild_agent=1
model_sel_rebuild_back=1
model_sel_rebuild_submit=1
model_sel_rebuild_bridge=1
http_cancel_pre_new=1
http_cancel_pre_rc=1
http_cancel_pre_err=1
http_cancel_mid_write=1
http_cancel_mid_load=1
http_cancel_mid_new=1
http_cancel_mid_rc=1
http_cancel_mid_partial=1
http_cancel_mid_err=1
hdrjson_write=1
hdrjson_load=1
hdrjson_new=1
hdrjson_rc=1
hdrjson_escaped=1
ep_view_handle=1
ep_view_rc=1
ep_view_split=1
ep_view_roles=1
ep_view_texts=1
ep_view_tools_visible=1
ep_view_tool_call=1
ep_view_tool_id=1
ep_view_numbers=1
ep_rt_handle=1
ep_rt_rc=1
ep_rt_requests=1
ep_rt_tool_calls=1
ep_rt_streams=1
ep_rt_header_ok=1
ep_rt_auth_core=1
ep_rt_host_dropped=1
ep_rt_cl_dropped=1
ep_rt_te_dropped=1
ep_rt_ext_auth_dropped=1
ep_rt_injection_spaced=1
ep_rt_first_roles=1
ep_rt_second_roles=1
ep_rt_second_tool_result=1
ep_rt_second_tool_call=1
ep_rt_msgs=1
ep_rt_block_order=1
ep_rt_stop_tooluse=1
ep_rt_usage=1
ep_rt_final=1
ep_rt_delta_order=1
ep_err_handle=1
ep_err_rc=1
ep_err_message=1
ep_err_streams=1
ep_err_state=1
ep_retry_handle=1
ep_retry_rc=1
ep_retry_two_requests=1
ep_retry_reopened=1
ep_retry_error_cleared=1
ep_retry_final=1
ep_cancel_handle=1
ep_cancel_rc=1
ep_cancel_error=1
ep_cancel_one_request=1
ep_cancel_closed=1
ep_cancel_state=1
ep_unload_handle=1
ep_unload_lookup=1
ep_unload_rc=1
ep_unload_error=1
ep_unload_no_request=1
ep_unload_no_stream=1
ep_auth_header_row=1
ep_auth_mock_write=1
ep_auth_mock_load=1
ep_auth_discover=1
ep_auth_header_sent=1
ep_auth_not_bearer=1
ep_auth_inject_mock_load=1
ep_auth_key_sanitized=1
ep_auth_none_row=1
ep_auth_none_mock_load=1
ep_auth_none_discover=1
ep_auth_none_no_auth=1
ep_auth_cache=1
ephdr          ep-model                                 ctx=4096     max=512     static
ephdr          ep-model-2                               ctx=0        max=0       discovered
2 model(s)
ep_auth_list_rc=1
ep_enum_row=1
ep_enum_once=1
ep_enum_static_survives=1
aloop_ok_rc=1
aloop_ok_requests=1
aloop_ok_events=1
aloop_ok_steps=1
aloop_ok_stop_once=1
aloop_ok_transcript=1
aloop_ok_final=1
agent_start
turn_start
msg_start
args:{}
msg_end:2:3
tool_start:aloop_ok:{}
tool_end:aloop_ok:a0
a1
a2
:ok
turn_end
turn_start
msg_start
text:all done
msg_end:2:1
turn_end
agent_end
aloop_timeout_rc=1
aloop_timeout_requests=1
aloop_timeout_stop_once=1
aloop_timeout_tool_error=1
aloop_timeout_final=1
aloop_abort_rc=1
aloop_abort_error=1
aloop_abort_stop_once=1
aloop_abort_result=1
aloop_abort_no_retry=1
aloop_pair_rc=1
aloop_pair_requests=1
aloop_pair_interleave=1
aloop_pair_starts=1
aloop_pair_ends=1
aloop_pair_transcript=1
agent_start
turn_start
msg_start
args:{}
args:{}
msg_end:2:3
tool_start:aloop_a:{}
tool_start:aloop_b:{}
tool_end:aloop_a:a0
a1
:ok
tool_end:aloop_b:b0
b1
:ok
turn_end
turn_start
msg_start
text:all done
msg_end:2:1
turn_end
agent_end
aloop_pumped=1
realloc_close_load=1
realloc_close_rc=1
realloc_close_poisoned=1
realloc_close_stop=1
realloc_close_shape=1
nested_ignore_find_secret=1
nested_ignore_find_multicomponent=1
nested_ignore_find_visible=1
nested_ignore_grep_secret=1
nested_ignore_grep_multicomponent=1
nested_ignore_grep_visible=1
grep_re_budget_nomatch=1
grep_re_longline_match=1
grep_re_huge_pattern=1
grep_re_depth_nomatch=1
