estimate_load=1
estimate_usage=1
estimate_no_usage=1
cut_keep_all=1
cut_boundary=1
cut_user=1
manual_load=1
manual_rc=1
manual_requests=1
manual_event=1
manual_summary=1
manual_compacted_flag=1
manual_shape=1
manual_summary_msg=1
manual_request_stream=1
manual_request_max_tokens=1
manual_request_checkpoint_prompt=1
manual_quiet=1
auto_load=1
auto_rc=1
auto_requests=1
auto_event=1
auto_summary=1
auto_summary_replayed=1
auto_quiet=1
auto_shape=1
auto_below_rc=1
auto_below_none=1
compact.replay.write=1
compact.replay.open=1
compact.replay.load=1
compact.replay.reset=1
compact.replay.system_kept=1
compact.keepall.load=1
compact.keepall.shape=1
compact.record.session_new=1
compact.record.load=1
compact.record.pre_count=1
compact.record.rc=1
compact.record.requests=1
compact.record.event=1
compact.record.emitted_before_splice=1
compact.record.persisted=1
compact.record.post_count=1
compact.record.followup_append=1
compact.record.followup_is_tail=1
compact.record.session_order=1
hook_fixture_load=1
hook_cancel_rc=1
hook_cancel_no_request=1
hook_cancel_no_event=1
hook_cancel_no_done_failed=1
hook_cancel_payload=1
hook_cancel_transcript=1
hook_fixture_load=1
hook_sum_rc=1
hook_sum_no_request=1
hook_sum_event=1
hook_sum_summary=1
hook_sum_shape=1
hook_sum_done=1
hook_sum_failed_none=1
hook_sum_messages=1
hook_fixture_load=1
hook_done_rc=1
hook_done_request=1
hook_done_payload=1
hook_done_failed_none=1
hook_fixture_load=1
hook_fail_rc=1
hook_fail_request=1
hook_fail_event=1
hook_fail_payload=1
hook_fail_done_none=1
hook_fail_notransport_rc=1
hook_fail_notransport_payload=1
hook_fail_noprov_rc=1
hook_fail_noprov_payload=1
hook_fail_nothing_rc=1
hook_fail_nothing_none=1
