provider_ollama=1
provider_ollama_cloud=1
provider_preset=1
provider_unknown=1
needs_key=1
base_env_ollama=1
base_env_ollama_v1=1
base_flag_wins=1
ollama_no_auth=1
ollama_api=1
ollama_cloud_bearer=1
choice_auth_reset=1
choice_explicit_key_chat=1
choice_no_cred_chat=1
choice_auth_write=1
choice_oauth_codex=1
choice_explicit_beats_oauth=1
choice_context_chat=1
choice_env_oauth_codex=1
choice_resolve_flag=1
choice_resolve_oauth_over_env=1
choice_resolve_oauth_over_config=1
choice_auth_clear=1
choice_no_oauth_chat=1
choice_env_no_oauth_chat=1
choice_resolve_env=1
model_filter_chat=1
model_filter_codex=1
mock_openai_load=1
openai_count=1
openai_ids=1
openai_extras=1
mock_key_inject_load=1
discover_key_sanitized=1
mock_ollama_load=1
ollama_count=1
ollama_ids=1
ollama_details=1
mock_ollama_fallback_write=1
mock_ollama_fallback_load=1
ollama_fallback_path=1
mock_anthropic_load=1
anthropic_count=1
anthropic_name=1
anthropic_api_key_header=1
mock_anthropic_oauth_load=1
anthropic_oauth_bearer=1
mock_google_load=1
google_count=1
google_ids=1
google_names=1
google_limits=1
google_path=1
google_auth_header=1
codex_mock_write=1
codex_mock_load=1
codex_row=1
codex_count=1
codex_ids=1
openrouter_mock_write=1
openrouter_mock_load=1
openrouter_count=1
openrouter_meta_direct=1
openrouter_meta_fallback=1
openrouter_meta_optout=1
openrouter_rate_known=1
openrouter_cost=1
openrouter_zero_skipped=1
sync_mock_write=1
sync_mock_load=1
sync_count=1
sync_applied=1
sync_file_merged=1
cache_save=1
cache_load=1
cache_base_mismatch=1
dynamic_missing_before=1
dynamic_registered=1
dynamic_cleared=1
cache_merge=1
cache_merge_kept=1
refresh_fail_mock=1
refresh_fail_keeps_cache=1
refresh_stale_save=1
refresh_stale_mock=1
refresh_drops_stale=1
pass_base_clean=1
pass_multi_provider=1
pass_cleared=1
pass_static_survives=1
pass_after_reset=1
no_errors=1
