int=1
int_min=1
i64_min=1
length_modifiers=1
unsigned=1
hex=1
size_t=1
h_modifiers=1
zt_modifiers=1
int_widths=1
str_widths=1
char_widths=1
null_str=1
hex_widths=1
percent_p=1
unknown_spec=1
trunc_return=1
return_len=1
cap_one=1
cap_zero=1
exact_fit=1
used_trunc=1
used_cap0=1
used_fit=1
used_v=1
no_fmt_errors=1
