jobs.unknown=1
jobs.pre_error=1
jobs.sync.ok=1
jobs.sync.error=1
jobs.sync.timeout=1
jobs.exec-shim=1
jobs.async.start-order=1
jobs.async.complete-order=1
jobs.sequential.no-overlap=1
jobs.overflow.32=1
jobs.append.cap=1
jobs.append.spill-notice=1
cleanup.fatal=1
cleanup.timeout=1
cleanup.cancel=1
cleanup.release=1
cleanup.name.fatal=1
cleanup.name.timeout=1
jobs.mem=1
