parsed=1
name=1
version=1
tags_len=1
tag1=1
n=1
ok=1
escaped=1
unicode_len=1
unicode_bytes=1
empty_obj=1
empty_arr=1
missing=1
wrong_type=1
num_text=1
bad_missing_comma=1
bad_literal=1
bad_trailing=1
bad_unterminated=1
bad_comment=1
bad_empty=1
bad_comma_only=1
num.malformed=1
num.leading_zero=1
num.jsonc_ok=1
int.frac_rejected=1
int.exp_rejected=1
int.negative=1
int.plain=1
deep_rejected=1
leak=1
surrogate.high=1
surrogate.low=1
surrogate.mix=1
str.raw_control=1
str.del_ok=1
str.escaped_ok=1
arena.two-live=1
arena.reuse=1
arena.free=1
