json_rc=1
json_requests=1
json_tool_calls=1
json_events=session,agent_start,turn_start,message_start,message_update,message_end,tool_execution_start,tool_execution_end,turn_end,turn_start,message_start,message_update,message_end,turn_end,agent_end
json_event_trace=1
json_delta_only=1
json_message_end=1
json_tool_result=1
json_final_text=1
json_transcript=1
json_session_memory_only=1
rpc_rc=1
rpc_state1=1
rpc_models=1
rpc_thinking=1
rpc_bash=1
rpc_set_model=1
rpc_state2=1
rpc_messages=1
rpc_compact_noop=1
rpc_new_session=1
rpc_new_session_clears=1
rpc_bogus=1
rpc_session_events=1
mode.rpc.models_wide.rc=1
mode.rpc.models_wide.last=1
abort_rc=1
abort_response=1
abort_cmd_response=1
abort_event=1
abort_transcript=1
rpc.template.rc=1
rpc.template.submit=1
rpc.template.unknown=1
rpc.template.missing=1
rpc.template.remove=1
mode.rpc.pump.rc=1
mode.rpc.pump.deferred=1
mode.rpc.pump.replied=1
mode.setup.balanced=1
mode.json.session-on=1
mode.rpc.session-on=1
mode.persist.set_model.rc=1
mode.persist.set_model.reply=1
mode.persist.set_model.wrote=1
mode.switch.new.rc=1
mode.switch.new.swapped=1
mode.switch.new.wrote=1
mode.switch.new.old_untouched=1
mode.switch.new.context_follows=1
mode.switch.new.reply=1
mode.observer.rc=1
mode.observer.persists=1
mode.switch.cancel.rc=1
mode.switch.cancel.reply=1
mode.switch.cancel.same_session=1
mode.switch.cancel.before_payload=1
mode.switch.cancel.prompt_persists=1
error: ext: ? failed at session_before_switch
mode.switch.sticky_fail.rc=1
mode.switch.sticky_fail.reply=1
mode.switch.sticky_fail.chain=1
mode.switch.sticky_fail.same_session=1
mode.switch.sticky_fail.no_new_file=1
mode.switch.sticky_fail.no_session_start=1
mode.switch.sticky_fail.prompt_persists=1
warn: ext: ? overran its budget at session_before_switch
mode.switch.sticky_overrun.rc=1
mode.switch.sticky_overrun.reply=1
mode.switch.sticky_overrun.chain=1
mode.switch.sticky_overrun.same_session=1
mode.switch.sticky_overrun.no_new_file=1
mode.switch.sticky_overrun.no_session_start=1
mode.switch.sticky_overrun.prompt_persists=1
mode.switch.allow_handler.rc=1
mode.switch.allow_handler.reply=1
mode.switch.allow_handler.decided=1
mode.switch.allow_handler.started_once=1
mode.switch.allow_handler.swapped=1
mode.switch.allow.rc=1
mode.switch.allow.reply=1
mode.switch.allow.started_once=1
mode.switch.allow.new_file=1
mode.switch.allow.previous_file=1
mode.switch.allow.swapped=1
mode.compact.flush.pre=1
mode.compact.flush.index=1
mode.compact.flush.persisted=1
mode.flush.clamp.pre=1
mode.flush.clamp.stale=1
mode.flush.clamp.resync=1
mode.flush.clamp.index=1
mode.flush.clamp.persisted=1
mode.compact.fail.flushed=1
mode.compact.fail.index=1
mode.compact.fail.record=1
mode.compact.fail.reopen=1
mode.compact.fail.load=1
mode.compact.fail.no_resurrect=1
app.sinks.model_same_provider=1
app.sinks.model_empty_provider=1
app.sinks.model_empty=1
app.sinks.model_unknown_provider=1
app.sinks.model_unknown_keeps_state=1
warn: ext: set_model: provider switch requires the RPC command
app.sinks.model_provider_refused=1
app.sinks.model_provider_keeps_state=1
app.sinks.thinking_applies=1
app.sinks.thinking_noop=1
warn: ext: set_thinking: unknown level 'bogus'
app.sinks.thinking_invalid=1
app.sinks.thinking_low=1
warn: ext: set_model: no app sink installed
app.sinks.cleared=1
