anthropic_text_blocks=1
anthropic_text_body=1
anthropic_text_usage=1
anthropic_text_stop=1
anthropic_text_id=1
anthropic_tools_blocks=1
anthropic_tools_think=1
anthropic_tools_call=1
anthropic_tools_stop=1
anthropic_parallel_blocks=1
anthropic_parallel_call_a=1
anthropic_parallel_call_b=1
anthropic_parallel_stop=1
anthropic_interleaved_blocks=1
anthropic_interleaved_b0=1
anthropic_interleaved_call=1
anthropic_interleaved_b2=1
anthropic_interleaved_stop=1
anthropic_cap_blocks=1
anthropic_cap_no_corrupt=1
anthropic_error_stop=1
anthropic_error_text=1
openai_text_blocks=1
openai_text_body=1
openai_text_usage=1
openai_text_stop=1
openai_text_done=1
openai_text_id=1
openai_tools_blocks=1
openai_tools_think=1
openai_tools_text=1
openai_tools_call_a=1
openai_tools_call_b=1
openai_tools_stop=1
openai_parallel_blocks=1
openai_parallel_call_a=1
openai_parallel_call_b=1
openai_parallel_stop=1
openai_oor_blocks=1
openai_oor_call=1
openai_oor_stop=1
google_text_blocks=1
google_text_think=1
google_text_body=1
google_text_usage=1
google_text_stop=1
google_text_id=1
google_tools_blocks=1
google_tools_call=1
google_tools_stop=1
build_google_ok=1
build_google_head=1
build_google_json=1
codex_text_blocks=1
codex_text_body=1
codex_text_usage=1
codex_text_stop=1
codex_text_id=1
codex_text_api=1
codex_incomplete_finish=1
codex_incomplete_stop=1
codex_incomplete_usage=1
codex_incomplete_body=1
codex_incomplete_id=1
codex_incomplete_error=1
codex_tools_blocks=1
codex_tools_think=1
codex_tools_call=1
codex_tools_stop=1
codex_error=1
codex_parallel_blocks=1
codex_parallel_call_a=1
codex_parallel_call_b=1
codex_parallel_stop=1
codex_cap_blocks=1
codex_cap_no_corrupt=1
build_anthropic_ok=1
build_anthropic_head=1
build_anthropic_json=1
build_openai_ok=1
build_openai_head=1
build_openai_json=1
build_codex_ok=1
build_codex_head=1
build_codex_json=1
empty_assistant_skipped_openai=1
empty_assistant_skipped_anthropic=1
max_tokens_field_openai=1
max_tokens_field_ollama=1
max_tokens_field_preset=1
max_tokens_field_custom=1
hidden_tools_openai=1
hidden_tools_anthropic=1
hidden_tools_codex=1
oc_mock_load=1
oc_rc=1
oc_url=1
oc_host=1
oc_auth=1
oc_accept=1
oc_body=1
oc_json_model=1
oc_json_stream=1
oc_json_messages=1
oc_json_tools=1
oc_json_max_tokens=1
oc_json_no_unsupported=1
g_mock_load=1
g_rc=1
g_url=1
g_host=1
g_auth=1
g_accept=1
g_body=1
g_json_system=1
g_json_contents=1
g_json_tools=1
g_json_max_tokens=1
g_json_no_unsupported=1
err_mock_load=1
err_rc=1
err_status=1
err_provider=1
err_url=1
err_body=1
err_redacted=1
err_single_line=1
err_excerpt_bound=1
err_excerpt_redacted=1
provider.registry.builtins=1
provider.registry.additive=1
provider.registry.duplicate=1
provider.registry.invalid=1
provider.priv.lifecycle=1
provider.dynamic.stable=1
provider.registry.presets=1
provider.registry.preset-vs-dynamic=1
cost_anthropic_cache=1
cost_anthropic_rates=1
cost_openai_cache=1
cost_openai_no_double_bill=1
cost_unknown_model=1
cost_unknown_null=1
