path_present=1
path_pattern=1
append_ok=1
header=1
reopen=1
load_rc=1
roundtrip_msgs=1
roundtrip_roles=1
roundtrip_text=1
roundtrip_blocks=1
roundtrip_args_raw=1
roundtrip_tool_call=1
roundtrip_tool_result=1
roundtrip_is_error=1
memory_only_path=1
memory_only_append=1
memory_only_no_dir=1
list_dir_join=1
list_count=1
list_order=1
list_max=1
find_latest_explicit=1
find_latest_default=1
session.cwdsel.write_old=1
session.cwdsel.write_new=1
session.cwdsel.match=1
session.cwdsel.fallback=1
session.longheader.write=1
session.longheader.match=1
env_dir_path=1
env_dir_latest=1
session.version.refuse.write=1
warn: session: version 2 is newer than 1; refusing
session.version.refuse.open=1
session.version.refuse.swap_write=1
session.version.refuse.swap_open=1
session.version.refuse.swap_rewrite=1
warn: session: version 2 is newer than 1; refusing
session.version.refuse.load=1
session.degrade.create=1
session.degrade.append=1
session.degrade.read=1
session.degrade.garbage=1
session.degrade.larger=1
warn: session: append failed (-5); rolled back to 208 bytes; session is read-only from now on
session.degrade.fail=1
session.degrade.rolled_back=1
session.degrade.sticky=1
session.trunc.append=1
session.trunc.torn_write=1
session.trunc.present=1
session.trunc.open=1
session.trunc.repair=1
session.trunc.repaired=1
warn: session: append failed (-5); rolled back to 348 bytes; session is read-only from now on
session.trunc.fail=1
session.trunc.rollback_real_end=1
session.tail.append=1
session.tail.torn_write=1
session.tail.present=1
session.tail.open=1
session.tail.append_after=1
session.tail.truncated=1
session.tail.load=1
session.tail.roundtrip=1
session.args.string.append=1
session.args.string.append_result=1
session.args.string.shape=1
session.args.string.load=1
session.args.string.roundtrip=1
session.reconcile.orphans=1
session.reconcile.multicall=1
session.malformed.write=1
warn: session: 2 malformed line(s) skipped
session.malformed.load=1
session.malformed.skipped=1
