base.dark=1
base.force_bg_off=1
init.config_load=1
apply.dark=1
apply.dark.force_bg=1
precedence.config_over_base=1
apply.sol=1
apply.sol.force_bg_off=1
precedence.named_over_config=1
precedence.slot_override=1
apply.light=1
apply.light.force_bg=1
precedence.light_base=1
system.dark=1
system.light=1
system.ansi_light=1
system.fallback_dark=1
system.long_digits_dark=1
system.long_run_dark=1
system.leading_zero_index=1
system.unset_dark=1
system.force_bg_off=1
apply.dark.again=1
warn: theme: unknown theme 'nope'; keeping the current theme
unknown.keeps_theme=1
unknown.again=1
path.empty=1
path.dot=1
path.dotdot=1
path.sep=1
path.bslash=1
path.space=1
path.missing=1
path.too_long=1
path.config=1
path.config_missing=1
path.extra_override=1
apply.extra_over_config=1
apply.extra_base=1
warn: warning: theme /tmp/agentc-themes-test/config/agentc/themes/..jsonc has an invalid name (want <=64 chars of [A-Za-z0-9._-]); skipping
warn: warning: theme /tmp/agentc-themes-test/config/agentc/themes/.jsonc has an invalid name (want <=64 chars of [A-Za-z0-9._-]); skipping
warn: warning: theme /tmp/agentc-themes-test/config/agentc/themes/Bad Name.jsonc has an invalid name (want <=64 chars of [A-Za-z0-9._-]); skipping
load.count=1
load.sorted=1
load.extra_override=1
warn: warning: theme /tmp/agentc-themes-test/config/agentc/themes/..jsonc has an invalid name (want <=64 chars of [A-Za-z0-9._-]); skipping
warn: warning: theme /tmp/agentc-themes-test/config/agentc/themes/.jsonc has an invalid name (want <=64 chars of [A-Za-z0-9._-]); skipping
warn: warning: theme /tmp/agentc-themes-test/config/agentc/themes/Bad Name.jsonc has an invalid name (want <=64 chars of [A-Za-z0-9._-]); skipping
load.untrusted=1
warn: warning: theme /tmp/agentc-themes-test/config/agentc/themes/..jsonc has an invalid name (want <=64 chars of [A-Za-z0-9._-]); skipping
warn: warning: theme /tmp/agentc-themes-test/config/agentc/themes/.jsonc has an invalid name (want <=64 chars of [A-Za-z0-9._-]); skipping
warn: warning: theme /tmp/agentc-themes-test/config/agentc/themes/Bad Name.jsonc has an invalid name (want <=64 chars of [A-Za-z0-9._-]); skipping
load.trusted=1
apply.project_trusted=1
apply.project_untrusted=1
warn: warning: theme /tmp/agentc-themes-test/config/agentc/themes/..jsonc has an invalid name (want <=64 chars of [A-Za-z0-9._-]); skipping
warn: warning: theme /tmp/agentc-themes-test/config/agentc/themes/.jsonc has an invalid name (want <=64 chars of [A-Za-z0-9._-]); skipping
warn: warning: theme /tmp/agentc-themes-test/config/agentc/themes/Bad Name.jsonc has an invalid name (want <=64 chars of [A-Za-z0-9._-]); skipping
load.cap=1
