write_ok=1
read_small=1
write_nested=1
read_nested=1
read_missing_err=1
read_binary_err=1
write_mode_preserved=1
write_len_ok=1
write_len_nul=1
write_len_registry=1
write_len_edit=1
write_big=1
read_trunc_notice=1
read_trunc_first=1
read_trunc_stops=1
read_offset=1
read_devzero=1
edit_ok=1
edit_applied=1
edit_dup_err=1
edit_dup_unchanged=1
edit_missing_err=1
edit_crlf_ok=1
edit_bom=1
edit_crlf_preserved=1
bash_ok=1
bash_exit=1
bash_cancel=1
bash_background=1
bash_truncated=1
bash_spill_exists=1
bash_spill_mode=1
bash.eof-hang=1
bash.group-kill=1
tools_count=1
arg_read_path_type=1
arg_read_root=1
arg_read_limit_type=1
arg_bash_timeout_type=1
tools.run.missing-arg=1
tools.run.bad-root=1
tools.bash.run=1
tools.bash.cancel-run=1
