reg_count=1
reg_names=1
find_missing_pattern=1
grep_missing_pattern=1
ls_bad_root=1
ls_ok=1
ls_dir_suffix=1
ls_files=1
ls_sorted=1
ls_limit=1
ls_not_dir=1
find_txt=1
find_gitignore=1
find_no_git=1
find_dstar=1
find_symlink_listed=1
find_symlink_not_followed=1
find_limit=1
find_none=1
find_gitignore_negation_keep=1
find_gitignore_negation_skip=1
grep_literal=1
grep_gitignore=1
grep_symlink_not_followed=1
grep_regex=1
grep_icase=1
grep_context=1
grep_glob=1
grep_limit=1
grep_line_cap=1
grep_none=1
grep_missing=1
glob.cap=1
glob.budget=1
rm_symlink_target_survives=1
