> m

Heading one
Some bold and code and italic words in a
paragraph that needs to wrap across lines.
- first item
- second item
> not-a-quote
int main(void) { return 0; }









────────────────────────────────────────────

────────────────────────────────────────────
? | think:off | tok:0/0 | $0.000000    | 0ms
