http://example.com=1
https://example.com/=1
HTTPS://Example.COM:8443/a/b?x=1#frag=1
http://127.0.0.1:8080/hello=1
http://user:pw@host.test:81/p?q=2=1
http://[::1]:9000/x=1
http://h?k=v=1
HTTP://UPPER.example=1
bad:ftp://example.com/=-22
bad:example.com/path=-22
bad:http://=-22
bad:http://:80/=-22
bad:http://host:0/=-22
bad:http://host:70000/=-22
bad:http://host:abc/=-22
bad:http://host:/=-22
bad:http://[::1/=-22
fails=0
